[2026-02-11 17:20:33] [notification] To: 9803962360 | Message: Your SmartHealth Nepal OTP is: 674282. Valid for 10 minutes.
[2026-02-12 05:38:50] [notification] To: 9803962360 | Message: Your SmartHealth Nepal OTP is: 947158. Valid for 10 minutes.
[2026-02-12 06:00:49] [notification] To: 9803962360 | Message: Your SmartHealth Nepal OTP is: 289877. Valid for 10 minutes.
[2026-02-12 19:07:44] [notification] To: 9844634579 | Message: Your SmartHealth Nepal Token Confirmed!
Token: 120260212001
Department: Cardiology
Priority: Chronic
Estimated Wait: 315 min
Keep this SMS for reference. Arrive before your estimated time. Call hospital for queries.
[2026-02-12 21:15:14] [notification] To: 9803962360 | Message: Your SmartHealth Nepal Token Confirmed!
Token: 920260212001
Department: Cardiology
Priority: Emergency
Estimated Wait: 0 min
Keep this SMS for reference. Arrive before your estimated time. Call hospital for queries.
[2026-02-12 21:15:45] [notification] To: 9803962360 | Message: Your SmartHealth Nepal Token Confirmed!
Token: 120260212001
Department: Cardiology
Priority: Emergency
Estimated Wait: 10 min
Keep this SMS for reference. Arrive before your estimated time. Call hospital for queries.
